host: CIN-PF1M04BM
Building DAG of jobs...
Using shell: /usr/bin/bash
Provided remote nodes: 1
Job stats:
job                    count
-------------------  -------
mesh_preparation           1
decompose_mesh             1
run_simulation             1
finalize_simulation        1
all                        1
total                      5

Select jobs to execute...
Execute 1 jobs...
[Mon Jul 20 10:59:18 2026]
rule mesh_preparation:
    output: sftp://login.leonardo.cineca.it:22/leonardo_work/PHD_gentili/openfoam-cavity-workflow/cavity/log.blockMesh (send to storage)
    log: sftp://login.leonardo.cineca.it:22/leonardo_work/PHD_gentili/openfoam-cavity-workflow/cavity/logs/mesh_preparation.log (send to storage)
    jobid: 4
    reason: Missing output files: sftp://login.leonardo.cineca.it:22/leonardo_work/PHD_gentili/openfoam-cavity-workflow/cavity/log.blockMesh (in storage)
    resources: tmpdir=<TBD>, disk_mb=50000, disk=50 GB, disk_mib=47684, mem_mb=256000, mem=256 GB, mem_mib=244141, slurm_account=phd_gentili_0, slurm_partition=dcgp_usr_prod, runtime=10, ntasks_per_node=8, cpus_per_task=4
Submitted job 4 with external jobid '49878973'.
[Mon Jul 20 10:59:52 2026]
Finished jobid: 4 (Rule: mesh_preparation)
1 of 5 steps (20%) done
Select jobs to execute...
Execute 1 jobs...
[Mon Jul 20 10:59:56 2026]
rule decompose_mesh:
    input: sftp://login.leonardo.cineca.it:22/leonardo_work/PHD_gentili/openfoam-cavity-workflow/cavity/log.blockMesh (retrieve from storage)
    output: sftp://login.leonardo.cineca.it:22/leonardo_work/PHD_gentili/openfoam-cavity-workflow/cavity/log.decomposePar (send to storage)
    log: sftp://login.leonardo.cineca.it:22/leonardo_work/PHD_gentili/openfoam-cavity-workflow/cavity/logs/decompose_mesh.log (send to storage)
    jobid: 3
    reason: Missing output files: sftp://login.leonardo.cineca.it:22/leonardo_work/PHD_gentili/openfoam-cavity-workflow/cavity/log.decomposePar (in storage); Input files updated by another job: sftp://login.leonardo.cineca.it:22/leonardo_work/PHD_gentili/openfoam-cavity-workflow/cavity/log.blockMesh (in storage)
    resources: tmpdir=<TBD>, disk_mb=1000, disk=1 GB, disk_mib=954, mem_mb=256000, mem=256 GB, mem_mib=244141, slurm_account=phd_gentili_0, slurm_partition=dcgp_usr_prod, runtime=10, ntasks_per_node=8, cpus_per_task=4
Submitted job 3 with external jobid '49879103'.
[Mon Jul 20 11:00:33 2026]
Finished jobid: 3 (Rule: decompose_mesh)
2 of 5 steps (40%) done
Select jobs to execute...
Execute 1 jobs...
[Mon Jul 20 11:00:41 2026]
checkpoint run_simulation:
    input: sftp://login.leonardo.cineca.it:22/leonardo_work/PHD_gentili/openfoam-cavity-workflow/cavity/log.decomposePar (retrieve from storage)
    output: sftp://login.leonardo.cineca.it:22/leonardo_work/PHD_gentili/openfoam-cavity-workflow/cavity/logs/simulation_run_1.log (send to storage)
    jobid: 2
    reason: Missing output files: sftp://login.leonardo.cineca.it:22/leonardo_work/PHD_gentili/openfoam-cavity-workflow/cavity/logs/simulation_run_1.log (in storage); Input files updated by another job: sftp://login.leonardo.cineca.it:22/leonardo_work/PHD_gentili/openfoam-cavity-workflow/cavity/log.decomposePar (in storage)
    wildcards: i=1
    resources: tmpdir=<TBD>, disk_mb=1000, disk=1 GB, disk_mib=954, mem_mb=256000, mem=256 GB, mem_mib=244141, slurm_account=phd_gentili_0, slurm_partition=dcgp_usr_prod, runtime=10, ntasks_per_node=8, cpus_per_task=4
DAG of jobs will be updated after completion.
Submitted job 2 with external jobid '49879177'.
[Mon Jul 20 11:01:22 2026]
Finished jobid: 2 (Rule: run_simulation)
3 of 5 steps (60%) done
Updating checkpoint dependencies.
Select jobs to execute...
Execute 1 jobs...
[Mon Jul 20 11:01:55 2026]
checkpoint run_simulation:
    input: sftp://login.leonardo.cineca.it:22/leonardo_work/PHD_gentili/openfoam-cavity-workflow/cavity/log.decomposePar (retrieve from storage)
    output: sftp://login.leonardo.cineca.it:22/leonardo_work/PHD_gentili/openfoam-cavity-workflow/cavity/logs/simulation_run_2.log (send to storage)
    jobid: 7
    reason: Missing output files: sftp://login.leonardo.cineca.it:22/leonardo_work/PHD_gentili/openfoam-cavity-workflow/cavity/logs/simulation_run_2.log (in storage)
    wildcards: i=2
    resources: tmpdir=<TBD>, disk_mb=1000, disk=1 GB, disk_mib=954, mem_mb=256000, mem=256 GB, mem_mib=244141, slurm_account=phd_gentili_0, slurm_partition=dcgp_usr_prod, runtime=10, ntasks_per_node=8, cpus_per_task=4
DAG of jobs will be updated after completion.
Submitted job 7 with external jobid '49879223'.
[Mon Jul 20 11:02:34 2026]
Finished jobid: 7 (Rule: run_simulation)
4 of 6 steps (67%) done
Updating checkpoint dependencies.
Select jobs to execute...
Execute 1 jobs...
[Mon Jul 20 11:03:21 2026]
checkpoint run_simulation:
    input: sftp://login.leonardo.cineca.it:22/leonardo_work/PHD_gentili/openfoam-cavity-workflow/cavity/log.decomposePar (retrieve from storage)
    output: sftp://login.leonardo.cineca.it:22/leonardo_work/PHD_gentili/openfoam-cavity-workflow/cavity/logs/simulation_run_3.log (send to storage)
    jobid: 10
    reason: Missing output files: sftp://login.leonardo.cineca.it:22/leonardo_work/PHD_gentili/openfoam-cavity-workflow/cavity/logs/simulation_run_3.log (in storage)
    wildcards: i=3
    resources: tmpdir=<TBD>, disk_mb=1000, disk=1 GB, disk_mib=954, mem_mb=256000, mem=256 GB, mem_mib=244141, slurm_account=phd_gentili_0, slurm_partition=dcgp_usr_prod, runtime=10, ntasks_per_node=8, cpus_per_task=4
DAG of jobs will be updated after completion.
Submitted job 10 with external jobid '49879299'.
[Mon Jul 20 11:04:06 2026]
Finished jobid: 10 (Rule: run_simulation)
5 of 7 steps (71%) done
Updating checkpoint dependencies.
Select jobs to execute...
Execute 1 jobs...
[Mon Jul 20 11:04:28 2026]
rule finalize_simulation:
    input: sftp://login.leonardo.cineca.it:22/leonardo_work/PHD_gentili/openfoam-cavity-workflow/cavity/logs/simulation_run_3.log (retrieve from storage)
    output: sftp://login.leonardo.cineca.it:22/leonardo_work/PHD_gentili/openfoam-cavity-workflow/cavity/simulation_done.txt (send to storage)
    jobid: 1
    reason: Missing output files: sftp://login.leonardo.cineca.it:22/leonardo_work/PHD_gentili/openfoam-cavity-workflow/cavity/simulation_done.txt (in storage)
    resources: tmpdir=<TBD>, disk_mb=1000, disk=1 GB, disk_mib=954, mem_mb=256000, mem=256 GB, mem_mib=244141, slurm_account=phd_gentili_0, slurm_partition=dcgp_usr_prod, runtime=10, ntasks_per_node=8, cpus_per_task=4
Submitted job 1 with external jobid '49879315'.
[Mon Jul 20 11:05:20 2026]
Finished jobid: 1 (Rule: finalize_simulation)
6 of 7 steps (86%) done
Select jobs to execute...
Execute 1 jobs...
[Mon Jul 20 11:05:25 2026]
localrule all:
    input: sftp://login.leonardo.cineca.it:22/leonardo_work/PHD_gentili/openfoam-cavity-workflow/cavity/simulation_done.txt (retrieve from storage)
    jobid: 0
    reason: Input files updated by another job: sftp://login.leonardo.cineca.it:22/leonardo_work/PHD_gentili/openfoam-cavity-workflow/cavity/simulation_done.txt (in storage)
    resources: tmpdir=/tmp, disk_mb=1000, disk=1 GB, disk_mib=954, mem_mb=256000, mem=256 GB, mem_mib=244141, slurm_account=phd_gentili_0, slurm_partition=dcgp_usr_prod, runtime=10, ntasks_per_node=8, cpus_per_task=4
[Mon Jul 20 11:05:26 2026]
Finished jobid: 0 (Rule: all)
7 of 7 steps (100%) done
Complete log(s): /mnt/c/Users/a.gentili/Downloads/openfoam-cavity-workflow/.snakemake/log/2026-07-20T105913.223697.snakemake.log
