host: CIN-PF1M04BM
Building DAG of jobs...
Using shell: /usr/bin/bash
Provided remote nodes: 1
Job stats:
job                    count
-------------------  -------
mesh_preparation           1
decompose_mesh             1
run_simulation             1
finalize_simulation        1
all                        1
total                      5

Select jobs to execute...
Execute 1 jobs...
[Mon Jul 20 10:43:04 2026]
rule mesh_preparation:
    output: sftp://login.leonardo.cineca.it:22/leonardo_work/PHD_gentili/openfoam-cavity-workflow/cavity/log.blockMesh (send to storage)
    log: sftp://login.leonardo.cineca.it:22/leonardo_work/PHD_gentili/openfoam-cavity-workflow/cavity/logs/mesh_preparation.log (send to storage)
    jobid: 4
    reason: Missing output files: sftp://login.leonardo.cineca.it:22/leonardo_work/PHD_gentili/openfoam-cavity-workflow/cavity/log.blockMesh (in storage)
    resources: tmpdir=<TBD>, mem_mb=256000, mem=256 GB, mem_mib=244141, disk_mb=50000, disk=50 GB, disk_mib=47684, slurm_account=phd_gentili_0, slurm_partition=dcgp_usr_prod, runtime=10, ntasks_per_node=8, cpus_per_task=4
Submitted job 4 with external jobid '49878212'.
[Mon Jul 20 10:43:42 2026]
Error in rule mesh_preparation:
    message: For further error details see the cluster/cloud log and the log files of the involved rule(s).
    jobid: 4
    output: sftp://login.leonardo.cineca.it:22/leonardo_work/PHD_gentili/openfoam-cavity-workflow/cavity/log.blockMesh (send to storage)
    log: sftp://login.leonardo.cineca.it:22/leonardo_work/PHD_gentili/openfoam-cavity-workflow/cavity/logs/mesh_preparation.log (send to storage) (check log file(s) for error details)
    shell:
        
        # Run the pre script
        bash cavity/pre > .snakemake/storage/sftp/login.leonardo.cineca.it:22/leonardo_work/PHD_gentili/openfoam-cavity-workflow/cavity/logs/mesh_preparation.log 2>&1
        cat cavity/log.blockMesh >> .snakemake/storage/sftp/login.leonardo.cineca.it:22/leonardo_work/PHD_gentili/openfoam-cavity-workflow/cavity/logs/mesh_preparation.log
        
        (command exited with non-zero exit code)
    external_jobid: 49878212
Removing output files of failed job mesh_preparation since they might be corrupted:
sftp://login.leonardo.cineca.it:22/leonardo_work/PHD_gentili/openfoam-cavity-workflow/cavity/log.blockMesh (in storage)
Shutting down, this might take some time.
Exiting because a job execution failed. Look below for error messages
[Mon Jul 20 10:43:52 2026]
Error in rule mesh_preparation:
    message: None
    jobid: 4
    output: sftp://login.leonardo.cineca.it:22/leonardo_work/PHD_gentili/openfoam-cavity-workflow/cavity/log.blockMesh (send to storage)
    log: sftp://login.leonardo.cineca.it:22/leonardo_work/PHD_gentili/openfoam-cavity-workflow/cavity/logs/mesh_preparation.log (send to storage) (check log file(s) for error details)
    shell:
        
        # Run the pre script
        bash cavity/pre > .snakemake/storage/sftp/login.leonardo.cineca.it:22/leonardo_work/PHD_gentili/openfoam-cavity-workflow/cavity/logs/mesh_preparation.log 2>&1
        cat cavity/log.blockMesh >> .snakemake/storage/sftp/login.leonardo.cineca.it:22/leonardo_work/PHD_gentili/openfoam-cavity-workflow/cavity/logs/mesh_preparation.log
        
        (command exited with non-zero exit code)
Complete log(s): /mnt/c/Users/a.gentili/Downloads/openfoam-cavity-workflow/.snakemake/log/2026-07-20T104257.510068.snakemake.log
WorkflowError:
At least one job did not complete successfully.
