host: CIN-PF1M04BM
Building DAG of jobs...
Using shell: /usr/bin/bash
Provided remote nodes: 1
Job stats:
job                    count
-------------------  -------
decompose_mesh             1
run_simulation             1
finalize_simulation        1
all                        1
total                      4

Select jobs to execute...
Execute 1 jobs...
[Mon Jul 20 10:46:39 2026]
rule decompose_mesh:
    input: sftp://login.leonardo.cineca.it:22/leonardo_work/PHD_gentili/openfoam-cavity-workflow/cavity/log.blockMesh (retrieve from storage)
    output: sftp://login.leonardo.cineca.it:22/leonardo_work/PHD_gentili/openfoam-cavity-workflow/cavity/log.decomposePar (send to storage)
    log: sftp://login.leonardo.cineca.it:22/leonardo_work/PHD_gentili/openfoam-cavity-workflow/cavity/logs/decompose_mesh.log (send to storage)
    jobid: 3
    reason: Missing output files: sftp://login.leonardo.cineca.it:22/leonardo_work/PHD_gentili/openfoam-cavity-workflow/cavity/log.decomposePar (in storage)
    resources: tmpdir=<TBD>, disk_mb=1000, disk=1 GB, disk_mib=954, mem_mb=256000, mem=256 GB, mem_mib=244141, slurm_account=phd_gentili_0, slurm_partition=dcgp_usr_prod, runtime=10, ntasks_per_node=8, cpus_per_task=4
Submitted job 3 with external jobid '49878572'.
[Mon Jul 20 10:47:47 2026]
Error in rule decompose_mesh:
    message: For further error details see the cluster/cloud log and the log files of the involved rule(s).
    jobid: 3
    input: sftp://login.leonardo.cineca.it:22/leonardo_work/PHD_gentili/openfoam-cavity-workflow/cavity/log.blockMesh (retrieve from storage)
    output: sftp://login.leonardo.cineca.it:22/leonardo_work/PHD_gentili/openfoam-cavity-workflow/cavity/log.decomposePar (send to storage)
    log: sftp://login.leonardo.cineca.it:22/leonardo_work/PHD_gentili/openfoam-cavity-workflow/cavity/logs/decompose_mesh.log (send to storage) (check log file(s) for error details)
    shell:
        
        # Decompose the mesh
        bash cavity/dec > .snakemake/storage/sftp/login.leonardo.cineca.it:22/leonardo_work/PHD_gentili/openfoam-cavity-workflow/cavity/logs/decompose_mesh.log 2>&1
        cat cavity/log.decomposePar >> .snakemake/storage/sftp/login.leonardo.cineca.it:22/leonardo_work/PHD_gentili/openfoam-cavity-workflow/cavity/logs/decompose_mesh.log
        
        (command exited with non-zero exit code)
    external_jobid: 49878572
Removing output files of failed job decompose_mesh since they might be corrupted:
sftp://login.leonardo.cineca.it:22/leonardo_work/PHD_gentili/openfoam-cavity-workflow/cavity/log.decomposePar (in storage)
Shutting down, this might take some time.
Exiting because a job execution failed. Look below for error messages
[Mon Jul 20 10:47:57 2026]
Error in rule decompose_mesh:
    message: None
    jobid: 3
    input: sftp://login.leonardo.cineca.it:22/leonardo_work/PHD_gentili/openfoam-cavity-workflow/cavity/log.blockMesh (retrieve from storage)
    output: sftp://login.leonardo.cineca.it:22/leonardo_work/PHD_gentili/openfoam-cavity-workflow/cavity/log.decomposePar (send to storage)
    log: sftp://login.leonardo.cineca.it:22/leonardo_work/PHD_gentili/openfoam-cavity-workflow/cavity/logs/decompose_mesh.log (send to storage) (check log file(s) for error details)
    shell:
        
        # Decompose the mesh
        bash cavity/dec > .snakemake/storage/sftp/login.leonardo.cineca.it:22/leonardo_work/PHD_gentili/openfoam-cavity-workflow/cavity/logs/decompose_mesh.log 2>&1
        cat cavity/log.decomposePar >> .snakemake/storage/sftp/login.leonardo.cineca.it:22/leonardo_work/PHD_gentili/openfoam-cavity-workflow/cavity/logs/decompose_mesh.log
        
        (command exited with non-zero exit code)
Complete log(s): /mnt/c/Users/a.gentili/Downloads/openfoam-cavity-workflow/.snakemake/log/2026-07-20T104619.144226.snakemake.log
WorkflowError:
At least one job did not complete successfully.
